2026-08-14 13:15:46,388 [INFO] ================================================================================
2026-08-14 13:15:46,388 [INFO] WAVEGLIDER POWER ANALYSIS PIPELINE START
2026-08-14 13:15:46,388 [INFO] Base directory: /Users/xduplm/Google Drive/My Drive/projects/2026-whirls/platforms/wavegliders/waveglider-power-dashboard
2026-08-14 13:15:46,388 [INFO] ================================================================================
2026-08-14 13:15:46,388 [INFO] Starting: waveglider-data-wg1169.sh
2026-08-14 13:15:46,388 [INFO] Command: bash /Users/xduplm/Google Drive/My Drive/projects/2026-whirls/platforms/wavegliders/waveglider-data-service/waveglider-data-wg1169.sh
2026-08-14 13:16:06,871 [INFO] Output:
--- Processing data for 2026-08-13 ---
  Running waveglider-adcp.py -> saving to /Users/xduplm/Google Drive/My Drive/projects/2026-whirls/data/wg1169/json/waveglider-adcp_2026-08-13.json
  Running waveglider-amps.py -> saving to /Users/xduplm/Google Drive/My Drive/projects/2026-whirls/data/wg1169/json/waveglider-amps_2026-08-13.json
  Running waveglider-telemetry.py -> saving to /Users/xduplm/Google Drive/My Drive/projects/2026-whirls/data/wg1169/json/waveglider-telemetry_2026-08-13.json
  Running waveglider-waves.py -> saving to /Users/xduplm/Google Drive/My Drive/projects/2026-whirls/data/wg1169/json/waveglider-waves_2026-08-13.json
  Running waveglider-weather.py -> saving to /Users/xduplm/Google Drive/My Drive/projects/2026-whirls/data/wg1169/json/waveglider-weather_2026-08-13.json
  Running waveglider-raw-data-report.py -> saving to /Users/xduplm/Google Drive/My Drive/projects/2026-whirls/data/wg1169/json/waveglider-raw-data-report_2026-08-13.json
  Running waveglider-amps-output-power-status.py -> saving to /Users/xduplm/Google Drive/My Drive/projects/2026-whirls/data/wg1169/json/waveglider-amps-output-power-status_2026-08-13.json
  Running waveglider-amps-solar.py -> saving to /Users/xduplm/Google Drive/My Drive/projects/2026-whirls/data/wg1169/json/waveglider-amps-solar_2026-08-13.json
--- Processing data for 2026-08-14 ---
  Running waveglider-adcp.py -> saving to /Users/xduplm/Google Drive/My Drive/projects/2026-whirls/data/wg1169/json/waveglider-adcp_2026-08-14.json
  Running waveglider-amps.py -> saving to /Users/xduplm/Google Drive/My Drive/projects/2026-whirls/data/wg1169/json/waveglider-amps_2026-08-14.json
  Running waveglider-telemetry.py -> saving to /Users/xduplm/Google Drive/My Drive/projects/2026-whirls/data/wg1169/json/waveglider-telemetry_2026-08-14.json
  Running waveglider-waves.py -> saving to /Users/xduplm/Google Drive/My Drive/projects/2026-whirls/data/wg1169/json/waveglider-waves_2026-08-14.json
  Running waveglider-weather.py -> saving to /Users/xduplm/Google Drive/My Drive/projects/2026-whirls/data/wg1169/json/waveglider-weather_2026-08-14.json
  Running waveglider-raw-data-report.py -> saving to /Users/xduplm/Google Drive/My Drive/projects/2026-whirls/data/wg1169/json/waveglider-raw-data-report_2026-08-14.json
  Running waveglider-amps-output-power-status.py -> saving to /Users/xduplm/Google Drive/My Drive/projects/2026-whirls/data/wg1169/json/waveglider-amps-output-power-status_2026-08-14.json
  Running waveglider-amps-solar.py -> saving to /Users/xduplm/Google Drive/My Drive/projects/2026-whirls/data/wg1169/json/waveglider-amps-solar_2026-08-14.json
All daily processing is complete.

2026-08-14 13:16:06,871 [INFO] Completed: waveglider-data-wg1169.sh
2026-08-14 13:16:06,871 [INFO] Starting: waveglider-data-wg1170.sh
2026-08-14 13:16:06,871 [INFO] Command: bash /Users/xduplm/Google Drive/My Drive/projects/2026-whirls/platforms/wavegliders/waveglider-data-service/waveglider-data-wg1170.sh
2026-08-14 13:16:38,035 [INFO] Output:
--- Processing data for 2026-08-13 ---
  Running waveglider-adcp.py -> saving to /Users/xduplm/Google Drive/My Drive/projects/2026-whirls/data/wg1170/json/waveglider-adcp_2026-08-13.json
  Running waveglider-amps.py -> saving to /Users/xduplm/Google Drive/My Drive/projects/2026-whirls/data/wg1170/json/waveglider-amps_2026-08-13.json
  Running waveglider-telemetry.py -> saving to /Users/xduplm/Google Drive/My Drive/projects/2026-whirls/data/wg1170/json/waveglider-telemetry_2026-08-13.json
  Running waveglider-waves.py -> saving to /Users/xduplm/Google Drive/My Drive/projects/2026-whirls/data/wg1170/json/waveglider-waves_2026-08-13.json
  Running waveglider-weather.py -> saving to /Users/xduplm/Google Drive/My Drive/projects/2026-whirls/data/wg1170/json/waveglider-weather_2026-08-13.json
  Running waveglider-raw-data-report.py -> saving to /Users/xduplm/Google Drive/My Drive/projects/2026-whirls/data/wg1170/json/waveglider-raw-data-report_2026-08-13.json
  Running waveglider-amps-output-power-status.py -> saving to /Users/xduplm/Google Drive/My Drive/projects/2026-whirls/data/wg1170/json/waveglider-amps-output-power-status_2026-08-13.json
  Running waveglider-amps-solar.py -> saving to /Users/xduplm/Google Drive/My Drive/projects/2026-whirls/data/wg1170/json/waveglider-amps-solar_2026-08-13.json
--- Processing data for 2026-08-14 ---
  Running waveglider-adcp.py -> saving to /Users/xduplm/Google Drive/My Drive/projects/2026-whirls/data/wg1170/json/waveglider-adcp_2026-08-14.json
  Running waveglider-amps.py -> saving to /Users/xduplm/Google Drive/My Drive/projects/2026-whirls/data/wg1170/json/waveglider-amps_2026-08-14.json
  Running waveglider-telemetry.py -> saving to /Users/xduplm/Google Drive/My Drive/projects/2026-whirls/data/wg1170/json/waveglider-telemetry_2026-08-14.json
  Running waveglider-waves.py -> saving to /Users/xduplm/Google Drive/My Drive/projects/2026-whirls/data/wg1170/json/waveglider-waves_2026-08-14.json
  Running waveglider-weather.py -> saving to /Users/xduplm/Google Drive/My Drive/projects/2026-whirls/data/wg1170/json/waveglider-weather_2026-08-14.json
  Running waveglider-raw-data-report.py -> saving to /Users/xduplm/Google Drive/My Drive/projects/2026-whirls/data/wg1170/json/waveglider-raw-data-report_2026-08-14.json
  Running waveglider-amps-output-power-status.py -> saving to /Users/xduplm/Google Drive/My Drive/projects/2026-whirls/data/wg1170/json/waveglider-amps-output-power-status_2026-08-14.json
  Running waveglider-amps-solar.py -> saving to /Users/xduplm/Google Drive/My Drive/projects/2026-whirls/data/wg1170/json/waveglider-amps-solar_2026-08-14.json

2026-08-14 13:16:38,035 [WARNING] Stderr:
Exception ignored on flushing sys.stdout:
TimeoutError: [Errno 60] Operation timed out
  ERROR: waveglider-waves.py failed for 2026-08-13
Finished with one or more errors. Review messages above.

2026-08-14 13:16:38,035 [ERROR] Failed: waveglider-data-wg1170.sh (exit code: 1)
2026-08-14 13:16:38,035 [ERROR] Data fetch for WG1170 failed
